> Task :app:preBuild UP-TO-DATE
> Task :app:preDebugBuild UP-TO-DATE
> Task :app:mergeDebugNativeDebugMetadata NO-SOURCE
> Task :app:generateDebugResources UP-TO-DATE
> Task :app:packageDebugResources UP-TO-DATE
> Task :app:processDebugNavigationResources UP-TO-DATE
> Task :app:parseDebugLocalResources UP-TO-DATE
> Task :app:generateDebugRFile UP-TO-DATE
> Task :app:javaPreCompileDebug UP-TO-DATE
> Task :app:generateDebugAssets UP-TO-DATE
> Task :app:mergeDebugAssets UP-TO-DATE
> Task :app:compressDebugAssets UP-TO-DATE
> Task :app:checkDebugDuplicateClasses UP-TO-DATE
> Task :app:desugarDebugFileDependencies UP-TO-DATE
> Task :app:mergeExtDexDebug UP-TO-DATE
> Task :app:mergeLibDexDebug UP-TO-DATE
> Task :app:compileDebugNavigationResources UP-TO-DATE
> Task :app:checkDebugAarMetadata FAILED
> Task :app:mapDebugSourceSetPaths

> Task :app:compileDebugKotlin FAILED
.\gradlew : e: file:///C:/Users/akhil/AndroidStudioProjects/hallisanthe/app/src/main/java/com/example/hallisanthe/ui/sc
reens/SearchScreen.kt:103:30 None of the following candidates is applicable:
At line:1 char:1
+ .\gradlew assembleDebug 2>&1 | Out-File -FilePath "build_errors.txt"; ...
+ ~~~~~~~~~~~~~~~~~~~~~~~~~~~~
    + CategoryInfo          : NotSpecified: (e: file:///C:/U... is applicable::String) [], RemoteException
    + FullyQualifiedErrorId : NativeCommandError
 
fun PaddingValues(all: Dp): PaddingValues
fun PaddingValues(horizontal: Dp = ..., vertical: Dp = ...): PaddingValues
fun PaddingValues(start: Dp = ..., top: Dp = ..., end: Dp = ..., bottom: Dp = ...): PaddingValues

FAILURE: Build completed with 2 failures.

1: Task failed with an exception.
-----------
* What went wrong:
Execution failed for task ':app:checkDebugAarMetadata'.
> A failure occurred while executing com.android.build.gradle.internal.tasks.CheckAarMetadataWorkAction
   > 7 issues were found when checking AAR metadata:
     
       1.  Dependency 'androidx.core:core:1.18.0' requires libraries and applications that
           depend on it to compile against version 36 or later of the
           Android APIs.
     
           :app is currently compiled against android-35.
     
           Recommended action: Update this project to use a newer compileSdk
           of at least 36, for example 36.
     
           Note that updating a library or application's compileSdk (which
           allows newer APIs to be used) can be done separately from updating
           targetSdk (which opts the app in to new runtime behavior) and
           minSdk (which determines which devices the app can be installed
           on).
     
       2.  Dependency 'androidx.navigationevent:navigationevent-android:1.0.0' requires libraries and applications that
           depend on it to compile against version 36 or later of the
           Android APIs.
     
           :app is currently compiled against android-35.
     
           Recommended action: Update this project to use a newer compileSdk
           of at least 36, for example 36.
     
           Note that updating a library or application's compileSdk (which
           allows newer APIs to be used) can be done separately from updating
           targetSdk (which opts the app in to new runtime behavior) and
           minSdk (which determines which devices the app can be installed
           on).
     
       3.  Dependency 'androidx.navigationevent:navigationevent-compose-android:1.0.0' requires libraries and 
applications that
           depend on it to compile against version 36 or later of the
           Android APIs.
     
           :app is currently compiled against android-35.
     
           Recommended action: Update this project to use a newer compileSdk
           of at least 36, for example 36.
     
           Note that updating a library or application's compileSdk (which
           allows newer APIs to be used) can be done separately from updating
           targetSdk (which opts the app in to new runtime behavior) and
           minSdk (which determines which devices the app can be installed
           on).
     
       4.  Dependency 'androidx.activity:activity-ktx:1.13.0' requires libraries and applications that
           depend on it to compile against version 36 or later of the
           Android APIs.
     
           :app is currently compiled against android-35.
     
           Recommended action: Update this project to use a newer compileSdk
           of at least 36, for example 36.
     
           Note that updating a library or application's compileSdk (which
           allows newer APIs to be used) can be done separately from updating
           targetSdk (which opts the app in to new runtime behavior) and
           minSdk (which determines which devices the app can be installed
           on).
     
       5.  Dependency 'androidx.activity:activity:1.13.0' requires libraries and applications that
           depend on it to compile against version 36 or later of the
           Android APIs.
     
           :app is currently compiled against android-35.
     
           Recommended action: Update this project to use a newer compileSdk
           of at least 36, for example 36.
     
           Note that updating a library or application's compileSdk (which
           allows newer APIs to be used) can be done separately from updating
           targetSdk (which opts the app in to new runtime behavior) and
           minSdk (which determines which devices the app can be installed
           on).
     
       6.  Dependency 'androidx.activity:activity-compose:1.13.0' requires libraries and applications that
           depend on it to compile against version 36 or later of the
           Android APIs.
     
           :app is currently compiled against android-35.
     
           Recommended action: Update this project to use a newer compileSdk
           of at least 36, for example 36.
     
           Note that updating a library or application's compileSdk (which
           allows newer APIs to be used) can be done separately from updating
           targetSdk (which opts the app in to new runtime behavior) and
           minSdk (which determines which devices the app can be installed
           on).
     
       7.  Dependency 'androidx.core:core-ktx:1.18.0' requires libraries and applications that
           depend on it to compile against version 36 or later of the
           Android APIs.
     
           :app is currently compiled against android-35.
     
           Recommended action: Update this project to use a newer compileSdk
           of at least 36, for example 36.
     
           Note that updating a library or application's compileSdk (which
           allows newer APIs to be used) can be done separately from updating
           targetSdk (which opts the app in to new runtime behavior) and
           minSdk (which determines which devices the app can be installed
           on).

* Try:
> Run with --stacktrace option to get the stack trace.
> Run with --info or --debug option to get more log output.
> Run with --scan to generate a Build Scan (powered by Develocity).
> Get more help at https://help.gradle.org.
==============================================================================

2: Task failed with an exception.
-----------
* What went wrong:
Execution failed for task ':app:compileDebugKotlin'.
16 actionable tasks: 3 executed, 13 up-to-date
> A failure occurred while executing 
org.jetbrains.kotlin.compilerRunner.GradleCompilerRunnerWithWorkers$GradleKotlinCompilerWorkAction
   > Compilation error. See log for more details

* Try:
> Run with --stacktrace option to get the stack trace.
> Run with --info or --debug option to get more log output.
> Run with --scan to generate a Build Scan (powered by Develocity).
> Get more help at https://help.gradle.org.
==============================================================================

BUILD FAILED in 7s
